//==============================================================================
// Allan CORNET - 2012 - DIGITEO
//==============================================================================
// unit test avilistopened
//==============================================================================
n = aviopen(fullpath(getSIVPpath() + "/images/video.avi"));
im = avireadframe(n);
r = avilistopened();
assert_checkequal(r, 1);
aviclose(n);
//==============================================================================
