//==============================================================================
// Allan CORNET - 2012 - DIGITEO
//==============================================================================
// unit test avireadframe
//==============================================================================
n = aviopen(fullpath(getSIVPpath() + "/images/video.avi"));
assert_checkequal(n, 1);
im = avireadframe(n); //get a frame
assert_checkequal(size(im), [240 320 3]);
aviclose(n);
//==============================================================================
