//==============================================================================
// Allan CORNET - 2012 - DIGITEO
//==============================================================================
// unit test imread
//==============================================================================
filename = fullpath(getSIVPpath() + 'images/lena.png');
im = imread(filename);
assert_checkequal(size(im), [512 512 3]);
//==============================================================================
