//==============================================================================
// Allan CORNET - 2012 - DIGITEO
//==============================================================================
// unit test imshow
//==============================================================================
filename = fullpath(getSIVPpath() + 'images/lena.png');
im = imread(filename);
assert_checkequal(size(im), [512 512 3]);
imshow(im);
//==============================================================================
